  Determining projects to restore...
D:\AI-REAP\src\AiReap.Infrastructure\AiReap.Infrastructure.csproj : warning NU1900: Error occurred while getting package vulnerability data: Unable to load the service index for source https://api.nuget.org/v3/index.json. [D:\AI-REAP\AiReap.sln]
D:\AI-REAP\src\AiReap.Api\AiReap.Api.csproj : warning NU1900: Error occurred while getting package vulnerability data: Unable to load the service index for source https://api.nuget.org/v3/index.json. [D:\AI-REAP\AiReap.sln]
D:\AI-REAP\src\AiReap.Application\AiReap.Application.csproj : warning NU1900: Error occurred while getting package vulnerability data: Unable to load the service index for source https://api.nuget.org/v3/index.json. [D:\AI-REAP\AiReap.sln]
  All projects are up-to-date for restore.
D:\AI-REAP\src\AiReap.Infrastructure\AiReap.Infrastructure.csproj : warning NU1900: Error occurred while getting package vulnerability data: Unable to load the service index for source https://api.nuget.org/v3/index.json.
D:\AI-REAP\src\AiReap.Application\AiReap.Application.csproj : warning NU1900: Error occurred while getting package vulnerability data: Unable to load the service index for source https://api.nuget.org/v3/index.json.
D:\AI-REAP\src\AiReap.Api\AiReap.Api.csproj : warning NU1900: Error occurred while getting package vulnerability data: Unable to load the service index for source https://api.nuget.org/v3/index.json.
  AiReap.Domain -> D:\AI-REAP\src\AiReap.Domain\bin\Debug\net8.0\AiReap.Domain.dll
  AiReap.Application -> D:\AI-REAP\src\AiReap.Application\bin\Debug\net8.0\AiReap.Application.dll
  AiReap.Infrastructure -> D:\AI-REAP\src\AiReap.Infrastructure\bin\Debug\net8.0\AiReap.Infrastructure.dll
  AiReap.Api -> D:\AI-REAP\src\AiReap.Api\bin\Debug\net8.0\AiReap.Api.dll
  AiReap.Tests -> D:\AI-REAP\tests\AiReap.Tests\bin\Debug\net8.0\AiReap.Tests.dll

Build succeeded.

D:\AI-REAP\src\AiReap.Infrastructure\AiReap.Infrastructure.csproj : warning NU1900: Error occurred while getting package vulnerability data: Unable to load the service index for source https://api.nuget.org/v3/index.json. [D:\AI-REAP\AiReap.sln]
D:\AI-REAP\src\AiReap.Api\AiReap.Api.csproj : warning NU1900: Error occurred while getting package vulnerability data: Unable to load the service index for source https://api.nuget.org/v3/index.json. [D:\AI-REAP\AiReap.sln]
D:\AI-REAP\src\AiReap.Application\AiReap.Application.csproj : warning NU1900: Error occurred while getting package vulnerability data: Unable to load the service index for source https://api.nuget.org/v3/index.json. [D:\AI-REAP\AiReap.sln]
D:\AI-REAP\src\AiReap.Infrastructure\AiReap.Infrastructure.csproj : warning NU1900: Error occurred while getting package vulnerability data: Unable to load the service index for source https://api.nuget.org/v3/index.json.
D:\AI-REAP\src\AiReap.Application\AiReap.Application.csproj : warning NU1900: Error occurred while getting package vulnerability data: Unable to load the service index for source https://api.nuget.org/v3/index.json.
D:\AI-REAP\src\AiReap.Api\AiReap.Api.csproj : warning NU1900: Error occurred while getting package vulnerability data: Unable to load the service index for source https://api.nuget.org/v3/index.json.
    6 Warning(s)
    0 Error(s)

Time Elapsed 00:00:14.25
